../Core/Src/AHT10.c:22:6:AHT10_Init	16	static
../Core/Src/AHT10.c:31:6:AHT10_begin	8	static
../Core/Src/AHT10.c:41:9:AHT10_readRawData	24	static
../Core/Src/AHT10.c:78:7:AHT10_readTemperature	24	static
../Core/Src/AHT10.c:102:7:AHT10_readHumidity	24	static
../Core/Src/AHT10.c:130:6:AHT10_softReset	24	static
../Core/Src/AHT10.c:150:6:AHT10_setNormalMode	24	static
../Core/Src/AHT10.c:169:6:AHT10_setCycleMode	24	static
../Core/Src/AHT10.c:192:9:AHT10_readStatusByte	16	static
../Core/Src/AHT10.c:214:9:AHT10_getCalibrationBit	24	static
../Core/Src/AHT10.c:232:6:AHT10_enableFactoryCalCoeff	24	static
../Core/Src/AHT10.c:266:9:AHT10_getBusyBit	24	static
